> db.task2.count();
10
> db.task2.find().pretty()
{
	"_id" : 0,
	"REGION" : {
		"region key" : 0,
		"name" : "AFRICA",
		"comment" : "special Tiresias about the furiously even dolphins are furi",
		"hosts" : [
			{
				"NATION" : {
					"nation key" : 0,
					"name" : "ALGERIA",
					"comment" : "final accounts wake quickly. special reques"
				}
			},
			{
				"NATION" : {
					"nation key" : 1,
					"name" : "SUDAN",
					"comment" : "idly final instructions cajole stealthily. regular instructions wake carefully blithely express accounts. fluffi"
				}
			}
		]
	}
}
{
	"_id" : 1,
	"REGION" : {
		"region key" : 1,
		"name" : "NORTH AMERICA",
		"comment" : "even, ironic theodolites according to the bold platelets wa",
		"hosts" : [ ]
	}
}
{
	"_id" : 2,
	"REGION" : {
		"region key" : 2,
		"name" : "ASIA",
		"comment" : "silent, bold requests sleep slyly across the quickly sly dependencies. furiously silent instructions alongside",
		"hosts" : [
			{
				"NATION" : {
					"nation key" : 2,
					"name" : "AUSTRALIA",
					"comment" : "always pending pinto beans sleep sil"
				}
			},
			{
				"NATION" : {
					"nation key" : 3,
					"name" : "BRAZIL",
					"comment" : "foxes among the bold requests"
				}
			},
			{
				"NATION" : {
					"nation key" : 4,
					"name" : "CANADA",
					"comment" : "pending accounts haggle furiously. furiously bold accounts detect. platelets at the packages haggle caref"
				}
			},
			{
				"NATION" : {
					"nation key" : 7,
					"name" : "ETHIOPIA",
					"comment" : "blithely ironic foxes grow. quickly pending accounts are b"
				}
			}
		]
	}
}
{
	"_id" : 3,
	"REGION" : {
		"region key" : 3,
		"name" : "AUSTRALIA",
		"comment" : "special, bold deposits haggle foxes. platelet",
		"hosts" : [
			{
				"NATION" : {
					"nation key" : 5,
					"name" : "CHINA",
					"comment" : "fluffily ruthless requests integrate fluffily. pending ideas wake blithely acco"
				}
			},
			{
				"NATION" : {
					"nation key" : 17,
					"name" : "KENYA",
					"comment" : "final, final accounts sleep slyly across the requests. "
				}
			}
		]
	}
}
{
	"_id" : 4,
	"REGION" : {
		"region key" : 4,
		"name" : "EUROPE",
		"comment" : "furiously unusual packages use carefully above the unusual, exp",
		"hosts" : [
			{
				"NATION" : {
					"nation key" : 10,
					"name" : "INDIA",
					"comment" : "blithely even accounts about the furiously regular foxes nag slyly final accounts. quickly final fo"
				}
			},
			{
				"NATION" : {
					"nation key" : 11,
					"name" : "INDONESIA",
					"comment" : "express, pending deposits boost quick"
				}
			},
			{
				"NATION" : {
					"nation key" : 18,
					"name" : "MALAWI",
					"comment" : "bold accounts are. slyly ironic escapades haggle acc"
				}
			},
			{
				"NATION" : {
					"nation key" : 19,
					"name" : "MOROCCO",
					"comment" : "deposits boost against the brave id"
				}
			},
			{
				"NATION" : {
					"nation key" : 20,
					"name" : "MOZAMBIQUE",
					"comment" : "fluffily final accounts wake slyly-- fi"
				}
			}
		]
	}
}
{
	"_id" : 5,
	"REGION" : {
		"region key" : 5,
		"name" : "SOUTH AMERICA",
		"comment" : "carefully final platelets haggle even, bold accounts. final theodolites at the foxes nag quickly about the fluf",
		"hosts" : [
			{
				"NATION" : {
					"nation key" : 8,
					"name" : "FRANCE",
					"comment" : "ironic packages should have to are slyly around the special, ironic accounts. iron"
				}
			},
			{
				"NATION" : {
					"nation key" : 9,
					"name" : "GERMANY",
					"comment" : "unusual excuses are quickly requests. slyly ironic accounts haggle carefully above the pendin"
				}
			},
			{
				"NATION" : {
					"nation key" : 15,
					"name" : "JAPAN",
					"comment" : "ideas according to the fluffily final pinto beans sleep furiously"
				}
			},
			{
				"NATION" : {
					"nation key" : 21,
					"name" : "PERU",
					"comment" : "doggedly ironic requests haggle furiously ironic, ironic packages. furiously final courts wake fur"
				}
			}
		]
	}
}
{
	"_id" : 6,
	"REGION" : {
		"region key" : 6,
		"name" : "MIDDLE EAST",
		"comment" : "unusual accounts cajole slyly ",
		"hosts" : [
			{
				"NATION" : {
					"nation key" : 6,
					"name" : "EGYPT",
					"comment" : "even requests detect near the pendin"
				}
			},
			{
				"NATION" : {
					"nation key" : 12,
					"name" : "IRAN",
					"comment" : "blithely final packages cajole quickly even dependencies? blithely regular deposits haggle express, ironic re"
				}
			},
			{
				"NATION" : {
					"nation key" : 13,
					"name" : "IRAQ",
					"comment" : "blithe, express deposits boost carefully busy accounts. furiously pending depos"
				}
			},
			{
				"NATION" : {
					"nation key" : 22,
					"name" : "POLAND",
					"comment" : "slowly pending patterns x-ray quickly. ironic, even accounts haggle furiously. even, final deposits mold bl"
				}
			}
		]
	}
}
{
	"_id" : 7,
	"REGION" : {
		"region key" : 7,
		"name" : "OCEANIA",
		"comment" : "pending deposits detect carefully. carefully final idea",
		"hosts" : [
			{
				"NATION" : {
					"nation key" : 23,
					"name" : "CHINA",
					"comment" : "fluffily regular pinto beans breach according to the ironic dolph"
				}
			},
			{
				"NATION" : {
					"nation key" : 14,
					"name" : "INDIA",
					"comment" : "ironic requests boost. quickly pending pinto beans cajole slyly slyly even deposits. ironic packages "
				}
			},
			{
				"NATION" : {
					"nation key" : 16,
					"name" : "JORDAN",
					"comment" : "ironic courts wake fluffily even, bold deposi"
				}
			},
			{
				"NATION" : {
					"nation key" : 26,
					"name" : "VIETNAM",
					"comment" : "express deposits haggle final frays? even deposits boost"
				}
			}
		]
	}
}
{
	"_id" : 8,
	"REGION" : {
		"region key" : 8,
		"name" : "SOUTH AMERICA",
		"comment" : "carefully pending dependencies haggle carefully among the quickly ironic deposits. packages cajole. ironic a",
		"hosts" : [
			{
				"NATION" : {
					"nation key" : 24,
					"name" : "ROMANIA",
					"comment" : "blithely regular deposits serve furiously blithely regular warthogs! slyly fi"
				}
			},
			{
				"NATION" : {
					"nation key" : 27,
					"name" : "RUSSIA",
					"comment" : "deposits cajole fluffily. dogged accounts nag. regular deposits do snooze! express deposits cajole ironic deposits"
				}
			}
		]
	}
}
{
	"_id" : 9,
	"REGION" : {
		"region key" : 9,
		"name" : "CENTRAL AMERICA",
		"comment" : "fluffily unusual foxes grow even, bold instructions. always regular courts haggle. evenly unusual account",
		"hosts" : [
			{
				"NATION" : {
					"nation key" : 28,
					"name" : "RWNDA",
					"comment" : "quickly even asymptotes are about the quickly even foxes. thin instructions us"
				}
			},
			{
				"NATION" : {
					"nation key" : 25,
					"name" : "SAUDI ARABIA",
					"comment" : "instructions haggle carefully carefully ironic pinto beans. slyly sly requests"
				}
			},
			{
				"NATION" : {
					"nation key" : 29,
					"name" : "UNITED KINGDOM",
					"comment" : "special accounts wake carefully carefull"
				}
			}
		]
	}
}
> 
